Using launch settings from /app/backend/Properties/launchSettings.json...
Building...
info: Microsoft.EntityFrameworkCore.Database.Command[20101]
      Executed DbCommand (19ms) [Parameters=[@__normalizedName_0='?' (Size = 5)], CommandType='Text', CommandTimeout='30']
      SELECT "a"."Id", "a"."ConcurrencyStamp", "a"."Name", "a"."NormalizedName"
      FROM "AspNetRoles" AS "a"
      WHERE "a"."NormalizedName" = @__normalizedName_0
      LIMIT 1
info: Microsoft.EntityFrameworkCore.Database.Command[20101]
      Executed DbCommand (0ms) [Parameters=[@__normalizedName_0='?' (Size = 5)], CommandType='Text', CommandTimeout='30']
      SELECT "a"."Id", "a"."ConcurrencyStamp", "a"."Name", "a"."NormalizedName"
      FROM "AspNetRoles" AS "a"
      WHERE "a"."NormalizedName" = @__normalizedName_0
      LIMIT 1
info: Microsoft.EntityFrameworkCore.Database.Command[20101]
      Executed DbCommand (0ms) [Parameters=[@__normalizedName_0='?' (Size = 8)], CommandType='Text', CommandTimeout='30']
      SELECT "a"."Id", "a"."ConcurrencyStamp", "a"."Name", "a"."NormalizedName"
      FROM "AspNetRoles" AS "a"
      WHERE "a"."NormalizedName" = @__normalizedName_0
      LIMIT 1
info: Microsoft.Hosting.Lifetime[14]
      Now listening on: http://localhost:5152
info: Microsoft.Hosting.Lifetime[0]
      Application started. Press Ctrl+C to shut down.
info: Microsoft.Hosting.Lifetime[0]
      Hosting environment: Development
info: Microsoft.Hosting.Lifetime[0]
      Content root path: /app/backend
